*** Using Compiler 'V5.06 update 5 (build 528)', folder: 'D:\all soft\Keil\ARM\ARMCC\Bin'
Build target 'Boat_STM32'
assembling startup_stm32h743xx.s...
compiling gpio.c...
compiling usart.c...
compiling main.c...
../Core/Src/main.c(104): warning:  #2748-D: null argument provided for parameter marked with attribute "nonnull"
      return fputc(ch, 
ULL);
../Core/Src/main.c(281): warning:  #167-D: argument of type "volatile uint8_t *" is incompatible with parameter of type "uint8_t *"
      BMI088_ReadAccReg(
MI088_ACC_DATA_ADDR, raw_data, 6);
../Core/Src/main.c(289): warning:  #167-D: argument of type "volatile uint8_t *" is incompatible with parameter of type "uint8_t *"
      BMI088_ReadGyroReg(
MI088_GYRO_DATA_ADDR, gyro_raw, 6);
../Core/Src/main.c(308): warning:  #167-D: argument of type "volatile uint8_t *" is incompatible with parameter of type "uint8_t *"
      BMM150_ReadReg(
MM150_DATA_X_LSB, mag_raw, 8);
../Core/Src/main.c: 4 warnings, 0 errors
compiling spi.c...
compiling stm32h7xx_it.c...
compiling i2c.c...
compiling stm32h7xx_hal_msp.c...
compiling stm32h7xx_hal_timebase_tim.c...
compiling stm32h7xx_hal_cortex.c...
compiling stm32h7xx_hal_flash.c...
compiling stm32h7xx_hal_tim_ex.c...
compiling stm32h7xx_hal_rcc.c...
compiling stm32h7xx_hal_rcc_ex.c...
compiling stm32h7xx_hal_tim.c...
compiling stm32h7xx_hal_flash_ex.c...
compiling stm32h7xx_hal_hsem.c...
compiling stm32h7xx_hal_gpio.c...
compiling stm32h7xx_hal_mdma.c...
compiling stm32h7xx_hal_dma_ex.c...
compiling stm32h7xx_hal_pwr.c...
compiling stm32h7xx_hal_dma.c...
compiling stm32h7xx_hal.c...
compiling stm32h7xx_hal_i2c_ex.c...
compiling stm32h7xx_hal_exti.c...
compiling stm32h7xx_hal_pwr_ex.c...
compiling stm32h7xx_hal_i2c.c...
compiling stm32h7xx_hal_spi.c...
compiling stm32h7xx_hal_spi_ex.c...
compiling stm32h7xx_hal_uart_ex.c...
compiling system_stm32h7xx.c...
compiling stm32h7xx_hal_uart.c...
linking...
Program Size: Code=20790 RO-data=822 RW-data=52 ZI-data=2332  
FromELF: creating hex file...
"Boat_STM32\Boat_STM32.axf" - 0 Error(s), 4 Warning(s).
Build Time Elapsed:  00:02:23
